// Jest Snapshot v1, https://goo.gl/fbAQLP

exports[`render 1`] = `
<div>
  <h1>
    Hi from functional home page functional
  </h1>
</div>
`;
